Side effect
Retval is: Result.
Side effect
Retval is: Result.!
Side effect
Side effect
Result.Result.
Side effect
Side effect
Side effect
Result.Result.Result.
